[ecom-html.vercel.app/demo/assets/imgs/template/favicon.svg]
[backblue.gif]
[fade.gif]
[index.html]
[ecom-html.vercel.app/demo/assets/css/style2513.css]
[ecom-html.vercel.app/demo/page-about-us.html]
[ecom-html.vercel.app/demo/page-careers.html]
[ecom-html.vercel.app/demo/page-register.html]
[ecom-html.vercel.app/demo/assets/imgs/template/en.svg]
[ecom-html.vercel.app/demo/assets/imgs/template/flag-en.svg]
[ecom-html.vercel.app/demo/assets/imgs/template/flag-es.svg]
[ecom-html.vercel.app/demo/assets/imgs/template/flag-pt.svg]
[ecom-html.vercel.app/demo/assets/imgs/template/flag-cn.svg]
[ecom-html.vercel.app/demo/assets/imgs/template/logo.svg]
[ecom-html.vercel.app/demo/index-2.html]
[ecom-html.vercel.app/demo/index-3.html]
[ecom-html.vercel.app/demo/index-4.html]
[ecom-html.vercel.app/demo/index-5.html]
[ecom-html.vercel.app/demo/index-6.html]
[ecom-html.vercel.app/demo/index-7.html]
[ecom-html.vercel.app/demo/index-8.html]
[ecom-html.vercel.app/demo/index-9.html]
[ecom-html.vercel.app/demo/index-10.html]
[ecom-html.vercel.app/demo/shop-grid.html]
[ecom-html.vercel.app/demo/shop-grid-2.html]
[ecom-html.vercel.app/demo/shop-list.html]
[ecom-html.vercel.app/demo/shop-list-2.html]
[ecom-html.vercel.app/demo/shop-fullwidth.html]
[ecom-html.vercel.app/demo/shop-single-product.html]
[ecom-html.vercel.app/demo/shop-single-product-2.html]
[ecom-html.vercel.app/demo/shop-single-product-3.html]
[ecom-html.vercel.app/demo/shop-single-product-4.html]
[ecom-html.vercel.app/demo/shop-cart.html]
[ecom-html.vercel.app/demo/shop-checkout.html]
[ecom-html.vercel.app/demo/shop-compare.html]
[ecom-html.vercel.app/demo/shop-wishlist.html]
[ecom-html.vercel.app/demo/shop-vendor-list.html]
[ecom-html.vercel.app/demo/shop-vendor-single.html]
[ecom-html.vercel.app/demo/page-contact.html]
[ecom-html.vercel.app/demo/page-term.html]
[ecom-html.vercel.app/demo/page-login.html]
[ecom-html.vercel.app/demo/page-404.html]
[ecom-html.vercel.app/demo/blog.html]
[ecom-html.vercel.app/demo/blog-2.html]
[ecom-html.vercel.app/demo/blog-list.html]
[ecom-html.vercel.app/demo/blog-big.html]
[ecom-html.vercel.app/demo/blog-single.html]
[ecom-html.vercel.app/demo/blog-single-2.html]
[ecom-html.vercel.app/demo/blog-single-3.html]
[ecom-html.vercel.app/demo/page-account.html]
[ecom-html.vercel.app/demo/assets/imgs/page/homepage1/imgsp5.png]
[ecom-html.vercel.app/demo/assets/imgs/page/homepage1/imgsp4.png]
[ecom-html.vercel.app/demo/assets/imgs/template/ava_1.png]
[ecom-html.vercel.app/demo/assets/imgs/template/game.svg]
[ecom-html.vercel.app/demo/assets/imgs/template/clock.svg]
[ecom-html.vercel.app/demo/assets/imgs/template/airpods.svg]
[ecom-html.vercel.app/demo/assets/imgs/template/music-play.svg]
[ecom-html.vercel.app/demo/assets/imgs/template/bluetooth.svg]
[ecom-html.vercel.app/demo/assets/imgs/template/cpu.svg]
[ecom-html.vercel.app/demo/assets/imgs/template/devices.svg]
[ecom-html.vercel.app/demo/assets/imgs/template/driver.svg]
[ecom-html.vercel.app/demo/assets/imgs/page/homepage1/banner.png]
[ecom-html.vercel.app/demo/assets/imgs/page/homepage1/banner-hero-2.png]
[ecom-html.vercel.app/demo/assets/imgs/page/homepage1/banner-hero-3.png]
[ecom-html.vercel.app/demo/assets/imgs/slider/logo/acer.svg]
[ecom-html.vercel.app/demo/assets/imgs/slider/logo/nokia.svg]
[ecom-html.vercel.app/demo/assets/imgs/slider/logo/assus.svg]
[ecom-html.vercel.app/demo/assets/imgs/slider/logo/casio.svg]
[ecom-html.vercel.app/demo/assets/imgs/slider/logo/dell.svg]
[ecom-html.vercel.app/demo/assets/imgs/slider/logo/panasonic.svg]
[ecom-html.vercel.app/demo/assets/imgs/slider/logo/vaio.svg]
[ecom-html.vercel.app/demo/assets/imgs/page/homepage1/smartphone.png]
[ecom-html.vercel.app/demo/assets/imgs/page/homepage1/television.png]
[ecom-html.vercel.app/demo/assets/imgs/page/homepage1/computer.png]
[ecom-html.vercel.app/demo/assets/imgs/page/homepage1/electric.png]
[ecom-html.vercel.app/demo/assets/imgs/page/homepage1/laptop.png]
[ecom-html.vercel.app/demo/assets/imgs/page/homepage1/smartwatches.png]
[ecom-html.vercel.app/demo/assets/imgs/page/homepage1/gaming.png]
[ecom-html.vercel.app/demo/assets/imgs/page/homepage1/outdoor.png]
[ecom-html.vercel.app/demo/assets/imgs/page/homepage1/imgsp3.png]
[ecom-html.vercel.app/demo/assets/imgs/page/homepage1/imgsp6.png]
[ecom-html.vercel.app/demo/assets/imgs/page/homepage1/imgsp7.png]
[ecom-html.vercel.app/demo/assets/imgs/page/homepage1/imgsp1.png]
[ecom-html.vercel.app/demo/assets/imgs/page/homepage1/imgsp2.png]
[ecom-html.vercel.app/demo/assets/imgs/page/homepage1/screen.png]
[ecom-html.vercel.app/demo/assets/imgs/page/homepage1/screen-2.png]
[ecom-html.vercel.app/demo/assets/imgs/page/homepage1/screen-3.png]
[ecom-html.vercel.app/demo/assets/imgs/page/blog/blog-1.jpg]
[ecom-html.vercel.app/demo/assets/imgs/page/blog/blog-2.jpg]
[ecom-html.vercel.app/demo/assets/imgs/page/blog/blog-3.jpg]
[ecom-html.vercel.app/demo/assets/imgs/page/blog/blog-4.jpg]
[ecom-html.vercel.app/demo/assets/imgs/page/blog/blog-5.jpg]
[ecom-html.vercel.app/demo/assets/imgs/template/delivery.svg]
[ecom-html.vercel.app/demo/assets/imgs/template/support.svg]
[ecom-html.vercel.app/demo/assets/imgs/template/voucher.svg]
[ecom-html.vercel.app/demo/assets/imgs/template/return.svg]
[ecom-html.vercel.app/demo/assets/imgs/template/secure.svg]
[ecom-html.vercel.app/demo/assets/imgs/page/product/img-gallery-1.jpg]
[ecom-html.vercel.app/demo/assets/imgs/page/product/img-gallery-2.jpg]
[ecom-html.vercel.app/demo/assets/imgs/page/product/img-gallery-3.jpg]
[ecom-html.vercel.app/demo/assets/imgs/page/product/img-gallery-4.jpg]
[ecom-html.vercel.app/demo/assets/imgs/page/product/img-gallery-5.jpg]
[ecom-html.vercel.app/demo/assets/imgs/page/product/img-gallery-6.jpg]
[ecom-html.vercel.app/demo/assets/imgs/page/product/img-gallery-7.jpg]
[ecom-html.vercel.app/demo/assets/imgs/template/appstore.png]
[ecom-html.vercel.app/demo/assets/imgs/template/google-play.png]
[ecom-html.vercel.app/demo/assets/imgs/template/payment-method.png]
[ecom-html.vercel.app/demo/assets/imgs/template/logo-2.svg]
[ecom-html.vercel.app/demo/assets/js/vendors/modernizr-3.6.0.min.js]
[ecom-html.vercel.app/demo/assets/js/vendors/jquery-3.6.0.min.js]
[ecom-html.vercel.app/demo/assets/js/vendors/jquery-migrate-3.3.0.min.js]
[ecom-html.vercel.app/demo/assets/js/vendors/bootstrap.bundle.min.js]
[ecom-html.vercel.app/demo/assets/js/vendors/waypoints.js]
[ecom-html.vercel.app/demo/assets/js/vendors/wow.js]
[ecom-html.vercel.app/demo/assets/js/vendors/magnific-popup.js]
[ecom-html.vercel.app/demo/assets/js/vendors/perfect-scrollbar.min.js]
[ecom-html.vercel.app/demo/assets/js/vendors/select2.min.js]
[ecom-html.vercel.app/demo/assets/js/vendors/isotope.js]
[ecom-html.vercel.app/demo/assets/js/vendors/scrollup.js]
[ecom-html.vercel.app/demo/assets/js/vendors/swiper-bundle.min.js]
[ecom-html.vercel.app/demo/assets/js/vendors/noUISlider.js]
[ecom-html.vercel.app/demo/assets/js/vendors/slider.js]
[ecom-html.vercel.app/demo/assets/js/vendors/counterup.js]
[ecom-html.vercel.app/demo/assets/js/vendors/jquery.countdown.min.js]
[ecom-html.vercel.app/demo/assets/js/vendors/jquery.elevatezoom.js]
[ecom-html.vercel.app/demo/assets/js/vendors/slick.js]
[ecom-html.vercel.app/demo/assets/js/main2513.js]
[ecom-html.vercel.app/demo/index.html]
[ecom-html.vercel.app/demo/assets/imgs/template/favicon.svg]
[ecom-html.vercel.app/demo/assets/css/style2513.css]
[ecom-html.vercel.app/demo/assets/js/shop23cd.js]
[ecom-html.vercel.app/demo/assets/imgs/page/about/img.png]
[ecom-html.vercel.app/demo/assets/imgs/page/about/staft1.png]
[ecom-html.vercel.app/demo/assets/imgs/page/about/staft2.png]
[ecom-html.vercel.app/demo/assets/imgs/page/about/staft3.png]
[ecom-html.vercel.app/demo/assets/imgs/page/about/staft4.png]
[ecom-html.vercel.app/demo/assets/imgs/page/about/staft5.png]
[ecom-html.vercel.app/demo/assets/imgs/page/about/staft6.png]
[ecom-html.vercel.app/demo/assets/imgs/page/about/staft7.png]
[ecom-html.vercel.app/demo/assets/imgs/page/about/staft8.png]
[ecom-html.vercel.app/demo/assets/imgs/page/about/microsoft.svg]
[ecom-html.vercel.app/demo/assets/imgs/page/about/sony.svg]
[ecom-html.vercel.app/demo/assets/imgs/page/about/acer.svg]
[ecom-html.vercel.app/demo/assets/imgs/page/about/nokia.svg]
[ecom-html.vercel.app/demo/assets/imgs/page/about/asus.svg]
[ecom-html.vercel.app/demo/assets/imgs/page/about/casio.svg]
[ecom-html.vercel.app/demo/assets/imgs/page/about/dell.svg]
[ecom-html.vercel.app/demo/assets/imgs/page/about/panasonic.svg]
[ecom-html.vercel.app/demo/assets/imgs/page/about/vaio.svg]
[ecom-html.vercel.app/demo/assets/imgs/page/about/sharp.svg]
[ecom-html.vercel.app/demo/assets/imgs/page/contact/chat.svg]
[ecom-html.vercel.app/demo/assets/imgs/page/contact/call.svg]
[ecom-html.vercel.app/demo/page-about-us.html]
[ecom-html.vercel.app/demo/assets/imgs/page/contact/map.svg]
[ecom-html.vercel.app/demo/assets/imgs/page/about/team-2.jpg]
[ecom-html.vercel.app/demo/page-careers.html]
[ecom-html.vercel.app/demo/assets/imgs/page/account/google.svg]
[ecom-html.vercel.app/demo/page-register.html]
[ecom-html.vercel.app/demo/assets/imgs/template/en.svg]
[ecom-html.vercel.app/demo/assets/imgs/template/flag-en.svg]
[ecom-html.vercel.app/demo/assets/imgs/template/flag-fr.svg]
[ecom-html.vercel.app/demo/assets/imgs/template/flag-es.svg]
[ecom-html.vercel.app/demo/assets/imgs/template/flag-pt.svg]
[ecom-html.vercel.app/demo/assets/imgs/template/flag-cn.svg]
[ecom-html.vercel.app/demo/assets/imgs/template/logo.svg]
[ecom-html.vercel.app/demo/assets/imgs/page/account/amazon.svg]
[ecom-html.vercel.app/demo/assets/imgs/page/homepage2/bg-slide.png]
[ecom-html.vercel.app/demo/assets/imgs/page/homepage2/bg-slide-2.png]
[ecom-html.vercel.app/demo/assets/imgs/page/homepage2/bg-slide-3.png]
[ecom-html.vercel.app/demo/assets/imgs/slider/logo/microsoft.svg]
[ecom-html.vercel.app/demo/assets/imgs/slider/logo/sony.svg]
[ecom-html.vercel.app/demo/assets/imgs/slider/logo/sharp.svg]
[ecom-html.vercel.app/demo/assets/imgs/page/homepage2/cat-img-1.png]
[ecom-html.vercel.app/demo/assets/imgs/page/homepage2/cat-img-2.png]
[ecom-html.vercel.app/demo/assets/imgs/page/homepage2/cat-img-3.png]
[ecom-html.vercel.app/demo/assets/imgs/page/homepage2/cat-img-4.png]
[ecom-html.vercel.app/demo/assets/imgs/page/homepage2/cat-img-5.png]
[ecom-html.vercel.app/demo/assets/imgs/page/homepage2/cat-img-6.png]
[ecom-html.vercel.app/demo/assets/imgs/page/homepage2/cat-img-7.png]
[ecom-html.vercel.app/demo/assets/imgs/page/homepage2/cat-img-8.png]
[ecom-html.vercel.app/demo/assets/imgs/page/homepage2/cat-img-9.png]
[ecom-html.vercel.app/demo/assets/imgs/page/homepage2/cat-img-10.png]
[ecom-html.vercel.app/demo/assets/imgs/page/homepage2/cat-img-11.png]
[ecom-html.vercel.app/demo/assets/imgs/page/homepage2/cat-img-12.png]
[ecom-html.vercel.app/demo/assets/imgs/page/homepage2/cat-img-13.png]
[ecom-html.vercel.app/demo/assets/imgs/page/homepage2/cat-img-14.png]
[ecom-html.vercel.app/demo/assets/imgs/page/homepage2/cat-img-15.png]
[ecom-html.vercel.app/demo/assets/imgs/page/homepage2/cat-img-16.png]
[ecom-html.vercel.app/demo/assets/imgs/page/homepage2/cat-img-17.png]
[ecom-html.vercel.app/demo/assets/imgs/page/homepage2/cat-img-18.png]
[ecom-html.vercel.app/demo/assets/imgs/page/homepage2/ads-2.png]
[ecom-html.vercel.app/demo/assets/imgs/page/homepage2/ads-3.png]
[ecom-html.vercel.app/demo/assets/imgs/page/homepage2/img-microsoft.png]
[ecom-html.vercel.app/demo/assets/imgs/page/homepage2/microsoft.svg]
[ecom-html.vercel.app/demo/assets/imgs/page/homepage2/img-nokia.png]
[ecom-html.vercel.app/demo/assets/imgs/page/homepage2/nokia.svg]
[ecom-html.vercel.app/demo/assets/imgs/page/homepage2/img-panasonic.png]
[ecom-html.vercel.app/demo/assets/imgs/page/homepage2/panasonic.svg]
[ecom-html.vercel.app/demo/assets/imgs/page/homepage2/img-sharp.png]
[ecom-html.vercel.app/demo/assets/imgs/page/homepage2/sharp.svg]
[ecom-html.vercel.app/demo/assets/imgs/page/homepage2/img-philip.png]
[ecom-html.vercel.app/demo/assets/imgs/page/homepage2/philip.svg]
[ecom-html.vercel.app/demo/assets/imgs/page/homepage2/img-casio.png]
[ecom-html.vercel.app/demo/assets/imgs/page/homepage2/casio.svg]
[ecom-html.vercel.app/demo/assets/imgs/page/homepage2/img-acer.png]
[ecom-html.vercel.app/demo/assets/imgs/page/homepage2/acer.svg]
[ecom-html.vercel.app/demo/assets/imgs/page/homepage2/img-toshiba.png]
[ecom-html.vercel.app/demo/assets/imgs/page/homepage2/toshiba.svg]
[ecom-html.vercel.app/demo/assets/imgs/page/homepage2/camera.png]
[ecom-html.vercel.app/demo/assets/imgs/page/homepage2/clock.png]
[ecom-html.vercel.app/demo/assets/imgs/page/homepage2/airpod.png]
[ecom-html.vercel.app/demo/assets/imgs/page/homepage2/banner-ads.png]
[ecom-html.vercel.app/demo/index-2.html]
[ecom-html.vercel.app/demo/assets/imgs/page/homepage3/sp6.png]
[ecom-html.vercel.app/demo/assets/imgs/page/homepage3/sp5.png]
[ecom-html.vercel.app/demo/assets/imgs/page/homepage3/sp3.png]
[ecom-html.vercel.app/demo/assets/imgs/page/homepage3/sp7.png]
[ecom-html.vercel.app/demo/assets/imgs/page/homepage3/sp8.png]
[ecom-html.vercel.app/demo/assets/imgs/page/homepage3/sp9.png]
[ecom-html.vercel.app/demo/assets/imgs/page/homepage3/sp4.png]
[ecom-html.vercel.app/demo/assets/imgs/page/homepage3/img-fridge.png]
[ecom-html.vercel.app/demo/assets/imgs/page/homepage1/imgsp8.d6.delayed]
[ecom-html.vercel.app/demo/assets/imgs/page/homepage3/img-girl.png]
[ecom-html.vercel.app/demo/assets/imgs/page/homepage3/img-tool1.png]
[ecom-html.vercel.app/demo/assets/imgs/page/homepage3/img-tool2.png]
[ecom-html.vercel.app/demo/assets/imgs/page/homepage3/img-tool3.png]
[ecom-html.vercel.app/demo/assets/imgs/page/homepage3/img-tool4.png]
[ecom-html.vercel.app/demo/index-3.html]
[ecom-html.vercel.app/demo/assets/imgs/page/homepage4/bg-banner.png]
[ecom-html.vercel.app/demo/assets/imgs/page/homepage4/bg-banner-2.png]
[ecom-html.vercel.app/demo/assets/imgs/page/homepage4/bg-banner-3.png]
[ecom-html.vercel.app/demo/assets/imgs/page/homepage4/promotion1.png]
[ecom-html.vercel.app/demo/assets/imgs/page/homepage4/promotion2.png]
[ecom-html.vercel.app/demo/assets/imgs/page/homepage4/promotion3.png]
[ecom-html.vercel.app/demo/assets/imgs/page/homepage4/promotion4.png]
[ecom-html.vercel.app/demo/assets/imgs/page/homepage4/promotion5.png]
[ecom-html.vercel.app/demo/assets/imgs/page/homepage4/promotion6.png]
[ecom-html.vercel.app/demo/assets/imgs/page/homepage4/banner-ads.png]
[ecom-html.vercel.app/demo/index-4.html]
[ecom-html.vercel.app/demo/assets/imgs/page/homepage5/banner.png]
[ecom-html.vercel.app/demo/assets/imgs/page/homepage5/banner-2.png]
[ecom-html.vercel.app/demo/assets/imgs/page/homepage5/img1.png]
[ecom-html.vercel.app/demo/assets/imgs/page/homepage5/cordless.png]
[ecom-html.vercel.app/demo/assets/imgs/page/homepage5/blades.png]
[ecom-html.vercel.app/demo/assets/imgs/page/homepage5/abra.png]
[ecom-html.vercel.app/demo/assets/imgs/page/homepage5/nail.png]
[ecom-html.vercel.app/demo/assets/imgs/page/homepage5/staple.png]
[ecom-html.vercel.app/demo/assets/imgs/page/homepage5/appliance.png]
[ecom-html.vercel.app/demo/assets/imgs/page/homepage5/outdoor.png]
[ecom-html.vercel.app/demo/assets/imgs/page/homepage5/measure.png]
[ecom-html.vercel.app/demo/assets/imgs/page/homepage5/bit.png]
[ecom-html.vercel.app/demo/assets/imgs/page/homepage5/safety.png]
[ecom-html.vercel.app/demo/assets/imgs/page/homepage5/entertainment.png]
[ecom-html.vercel.app/demo/assets/imgs/page/homepage5/cutting.png]
[ecom-html.vercel.app/demo/assets/imgs/page/homepage5/hand.png]
[ecom-html.vercel.app/demo/assets/imgs/page/homepage5/air.png]
[ecom-html.vercel.app/demo/assets/imgs/page/homepage5/electric.png]
[ecom-html.vercel.app/demo/assets/imgs/page/homepage5/site.png]
[ecom-html.vercel.app/demo/assets/imgs/page/homepage5/safety2.png]
[ecom-html.vercel.app/demo/assets/imgs/page/homepage5/ads1.png]
[ecom-html.vercel.app/demo/assets/imgs/page/homepage5/sp1.png]
[ecom-html.vercel.app/demo/assets/imgs/page/homepage5/sp2.png]
[ecom-html.vercel.app/demo/assets/imgs/page/homepage5/sp3.png]
[ecom-html.vercel.app/demo/assets/imgs/page/homepage5/sp4.png]
[ecom-html.vercel.app/demo/assets/imgs/page/homepage5/sp5.png]
[ecom-html.vercel.app/demo/assets/imgs/page/homepage5/sp6.png]
[ecom-html.vercel.app/demo/assets/imgs/page/homepage5/sp7.png]
[ecom-html.vercel.app/demo/assets/imgs/page/homepage5/sp8.png]
[ecom-html.vercel.app/demo/assets/imgs/page/homepage5/sp9.png]
[ecom-html.vercel.app/demo/assets/imgs/page/homepage5/sp10.png]
[ecom-html.vercel.app/demo/assets/imgs/page/homepage5/ads2.png]
[ecom-html.vercel.app/demo/assets/imgs/page/homepage5/ads3.png]
[ecom-html.vercel.app/demo/assets/imgs/page/homepage5/box-tool.png]
[ecom-html.vercel.app/demo/assets/imgs/page/homepage5/ads4.png]
[ecom-html.vercel.app/demo/assets/imgs/page/homepage5/ads5.png]
[ecom-html.vercel.app/demo/assets/imgs/page/homepage5/news1.png]
[ecom-html.vercel.app/demo/assets/imgs/page/homepage5/news2.png]
[ecom-html.vercel.app/demo/assets/imgs/page/homepage5/news3.png]
[ecom-html.vercel.app/demo/assets/imgs/page/homepage5/news4.png]
[ecom-html.vercel.app/demo/index-5.html]
[ecom-html.vercel.app/demo/assets/imgs/page/homepage6/armchair.svg]
[ecom-html.vercel.app/demo/assets/imgs/page/homepage6/bathhub.svg]
[ecom-html.vercel.app/demo/assets/imgs/page/homepage6/bed.svg]
[ecom-html.vercel.app/demo/assets/imgs/page/homepage6/office.svg]
[ecom-html.vercel.app/demo/assets/imgs/page/homepage6/chair.svg]
[ecom-html.vercel.app/demo/assets/imgs/page/homepage6/chest.svg]
[ecom-html.vercel.app/demo/assets/imgs/page/homepage6/dressing.svg]
[ecom-html.vercel.app/demo/assets/imgs/page/homepage6/lamp.svg]
[ecom-html.vercel.app/demo/assets/imgs/page/homepage6/sofa.svg]
[ecom-html.vercel.app/demo/assets/imgs/page/homepage6/storage.svg]
[ecom-html.vercel.app/demo/assets/imgs/page/homepage6/electric.svg]
[ecom-html.vercel.app/demo/assets/imgs/page/homepage6/wardrobe.svg]
[ecom-html.vercel.app/demo/assets/imgs/page/homepage6/banner2.png]
[ecom-html.vercel.app/demo/assets/imgs/page/homepage6/banner2-2.png]
[ecom-html.vercel.app/demo/assets/imgs/page/homepage6/living-room.png]
[ecom-html.vercel.app/demo/assets/imgs/page/homepage6/reading-room.png]
[ecom-html.vercel.app/demo/assets/imgs/page/homepage6/bed-room.png]
[ecom-html.vercel.app/demo/assets/imgs/page/homepage6/kitchen.png]
[ecom-html.vercel.app/demo/assets/imgs/page/homepage6/decoration.png]
[ecom-html.vercel.app/demo/assets/imgs/page/homepage6/sp1.png]
[ecom-html.vercel.app/demo/assets/imgs/page/homepage6/sp2.png]
[ecom-html.vercel.app/demo/assets/imgs/page/homepage6/sp3.png]
[ecom-html.vercel.app/demo/assets/imgs/page/homepage6/sp4.png]
[ecom-html.vercel.app/demo/assets/imgs/page/homepage6/sp5.png]
[ecom-html.vercel.app/demo/assets/imgs/page/homepage6/sp6.png]
[ecom-html.vercel.app/demo/assets/imgs/page/homepage6/sp7.png]
[ecom-html.vercel.app/demo/assets/imgs/page/homepage6/sp8.png]
[ecom-html.vercel.app/demo/assets/imgs/page/homepage6/sp9.png]
[ecom-html.vercel.app/demo/assets/imgs/page/homepage6/sp10.png]
[ecom-html.vercel.app/demo/assets/imgs/page/homepage6/banner-bottom-1.png]
[ecom-html.vercel.app/demo/assets/imgs/page/homepage6/banner-bottom-2.png]
[ecom-html.vercel.app/demo/assets/imgs/page/homepage6/news1.png]
[ecom-html.vercel.app/demo/assets/imgs/page/homepage6/news2.png]
[ecom-html.vercel.app/demo/assets/imgs/page/homepage6/news3.png]
[ecom-html.vercel.app/demo/assets/imgs/page/homepage6/news4.png]
[ecom-html.vercel.app/demo/index-6.html]
[ecom-html.vercel.app/demo/assets/imgs/page/homepage7/banner.png]
[ecom-html.vercel.app/demo/assets/imgs/page/homepage7/banner-2.png]
[ecom-html.vercel.app/demo/assets/imgs/page/homepage7/banner-3.png]
[ecom-html.vercel.app/demo/assets/imgs/page/homepage7/banner2.png]
[ecom-html.vercel.app/demo/assets/imgs/page/homepage7/logo1.png]
[ecom-html.vercel.app/demo/assets/imgs/page/homepage7/logo2.png]
[ecom-html.vercel.app/demo/assets/imgs/page/homepage7/logo3.png]
[ecom-html.vercel.app/demo/assets/imgs/page/homepage7/logo4.png]
[ecom-html.vercel.app/demo/assets/imgs/page/homepage7/logo5.png]
[ecom-html.vercel.app/demo/assets/imgs/page/homepage7/logo6.png]
[ecom-html.vercel.app/demo/assets/imgs/page/homepage7/logo7.png]
[ecom-html.vercel.app/demo/assets/imgs/page/homepage7/logo8.png]
[ecom-html.vercel.app/demo/assets/imgs/page/homepage7/logo9.png]
[ecom-html.vercel.app/demo/assets/imgs/page/homepage7/logo10.png]
[ecom-html.vercel.app/demo/assets/imgs/page/homepage7/logo11.png]
[ecom-html.vercel.app/demo/assets/imgs/page/homepage7/logo12.png]
[ecom-html.vercel.app/demo/assets/imgs/page/homepage7/logo13.png]
[ecom-html.vercel.app/demo/assets/imgs/page/homepage7/logo14.png]
[ecom-html.vercel.app/demo/assets/imgs/page/homepage7/logo15.png]
[ecom-html.vercel.app/demo/assets/imgs/page/homepage7/toy1.png]
[ecom-html.vercel.app/demo/assets/imgs/page/homepage7/toy2.png]
[ecom-html.vercel.app/demo/assets/imgs/page/homepage7/toy3.png]
[ecom-html.vercel.app/demo/assets/imgs/page/homepage7/toy4.png]
[ecom-html.vercel.app/demo/assets/imgs/page/homepage7/toy5.png]
[ecom-html.vercel.app/demo/assets/imgs/page/homepage7/toy6.png]
[ecom-html.vercel.app/demo/assets/imgs/page/homepage7/toy7.png]
[ecom-html.vercel.app/demo/assets/imgs/page/homepage7/toy8.png]
[ecom-html.vercel.app/demo/assets/imgs/page/homepage7/toy9.png]
[ecom-html.vercel.app/demo/assets/imgs/page/homepage7/sale1.png]
[ecom-html.vercel.app/demo/assets/imgs/page/homepage7/sale2.png]
[ecom-html.vercel.app/demo/assets/imgs/page/homepage7/sale3.png]
[ecom-html.vercel.app/demo/assets/imgs/page/homepage7/sp1.png]
[ecom-html.vercel.app/demo/assets/imgs/page/homepage7/sp2.png]
[ecom-html.vercel.app/demo/assets/imgs/page/homepage7/sp3.png]
[ecom-html.vercel.app/demo/assets/imgs/page/homepage7/sp4.png]
[ecom-html.vercel.app/demo/assets/imgs/page/homepage7/ads1.png]
[ecom-html.vercel.app/demo/assets/imgs/page/homepage7/ads2.png]
[ecom-html.vercel.app/demo/assets/imgs/page/homepage7/ads3.png]
[ecom-html.vercel.app/demo/assets/imgs/page/homepage7/kid1.png]
[ecom-html.vercel.app/demo/assets/imgs/page/homepage7/kid2.png]
[ecom-html.vercel.app/demo/assets/imgs/page/homepage7/kid3.png]
[ecom-html.vercel.app/demo/assets/imgs/page/homepage7/kid4.png]
[ecom-html.vercel.app/demo/assets/imgs/page/homepage7/kid5.png]
[ecom-html.vercel.app/demo/assets/imgs/page/homepage7/kid6.png]
[ecom-html.vercel.app/demo/assets/imgs/page/homepage7/kid7.png]
[ecom-html.vercel.app/demo/assets/imgs/page/homepage7/kid8.png]
[ecom-html.vercel.app/demo/assets/imgs/page/homepage7/kid9.png]
[ecom-html.vercel.app/demo/assets/imgs/page/homepage7/banner-ads.png]
[ecom-html.vercel.app/demo/assets/imgs/page/homepage7/fashion1.png]
[ecom-html.vercel.app/demo/assets/imgs/page/homepage7/fashion2.png]
[ecom-html.vercel.app/demo/assets/imgs/page/homepage7/fashion3.png]
[ecom-html.vercel.app/demo/assets/imgs/page/homepage7/fashion4.png]
[ecom-html.vercel.app/demo/assets/imgs/page/homepage7/fashion5.png]
[ecom-html.vercel.app/demo/assets/imgs/page/homepage7/fashion6.png]
[ecom-html.vercel.app/demo/assets/imgs/page/homepage7/fashion7.png]
[ecom-html.vercel.app/demo/assets/imgs/page/homepage7/fashion8.png]
[ecom-html.vercel.app/demo/assets/imgs/page/homepage7/fashion9.png]
[ecom-html.vercel.app/demo/assets/imgs/page/homepage7/fashion10.png]
[ecom-html.vercel.app/demo/assets/imgs/page/homepage7/news1.png]
[ecom-html.vercel.app/demo/assets/imgs/page/homepage7/news2.png]
[ecom-html.vercel.app/demo/assets/imgs/page/homepage7/news3.png]
[ecom-html.vercel.app/demo/assets/imgs/page/homepage7/news4.png]
[ecom-html.vercel.app/demo/index-7.html]
[ecom-html.vercel.app/demo/assets/imgs/page/homepage8/banner.png]
[ecom-html.vercel.app/demo/assets/imgs/page/homepage8/sale1.png]
[ecom-html.vercel.app/demo/assets/imgs/page/homepage8/sale2.png]
[ecom-html.vercel.app/demo/assets/imgs/page/homepage8/sale3.png]
[ecom-html.vercel.app/demo/assets/imgs/page/homepage8/sp1.png]
[ecom-html.vercel.app/demo/assets/imgs/page/homepage8/sp2.png]
[ecom-html.vercel.app/demo/assets/imgs/page/homepage8/sp3.png]
[ecom-html.vercel.app/demo/assets/imgs/page/homepage8/sp4.png]
[ecom-html.vercel.app/demo/assets/imgs/page/homepage8/sp5.png]
[ecom-html.vercel.app/demo/assets/imgs/page/homepage8/sp6.png]
[ecom-html.vercel.app/demo/assets/imgs/page/homepage8/sp7.png]
[ecom-html.vercel.app/demo/assets/imgs/page/homepage8/sp8.png]
[ecom-html.vercel.app/demo/assets/imgs/page/homepage8/sp9.png]
[ecom-html.vercel.app/demo/assets/imgs/page/homepage8/sp10.png]
[ecom-html.vercel.app/demo/assets/imgs/page/homepage8/ads1.png]
[ecom-html.vercel.app/demo/assets/imgs/page/homepage8/book1.png]
[ecom-html.vercel.app/demo/assets/imgs/page/homepage8/book2.png]
[ecom-html.vercel.app/demo/assets/imgs/page/homepage8/book3.png]
[ecom-html.vercel.app/demo/assets/imgs/page/homepage8/book4.png]
[ecom-html.vercel.app/demo/assets/imgs/page/homepage8/book5.png]
[ecom-html.vercel.app/demo/assets/imgs/page/homepage8/book6.png]
[ecom-html.vercel.app/demo/assets/imgs/page/homepage8/book7.png]
[ecom-html.vercel.app/demo/assets/imgs/page/homepage8/book8.png]
[ecom-html.vercel.app/demo/assets/imgs/page/homepage8/book9.png]
[ecom-html.vercel.app/demo/assets/imgs/page/homepage8/book-ads1.png]
[ecom-html.vercel.app/demo/assets/imgs/page/homepage8/book-ads2.png]
[ecom-html.vercel.app/demo/assets/imgs/page/homepage8/img1.png]
[ecom-html.vercel.app/demo/assets/imgs/page/homepage8/img2.png]
[ecom-html.vercel.app/demo/assets/imgs/page/homepage8/img3.png]
[ecom-html.vercel.app/demo/assets/imgs/page/homepage8/img4.png]
[ecom-html.vercel.app/demo/assets/imgs/page/homepage8/news1.png]
[ecom-html.vercel.app/demo/assets/imgs/page/homepage8/news2.png]
[ecom-html.vercel.app/demo/assets/imgs/page/homepage8/news3.png]
[ecom-html.vercel.app/demo/assets/imgs/page/homepage8/news4.png]
[ecom-html.vercel.app/demo/index-8.html]
[ecom-html.vercel.app/demo/assets/imgs/page/homepage9/banner.png]
[ecom-html.vercel.app/demo/assets/imgs/page/homepage9/weekly.png]
[ecom-html.vercel.app/demo/assets/imgs/page/homepage9/certify.png]
[ecom-html.vercel.app/demo/assets/imgs/page/homepage9/sp1.png]
[ecom-html.vercel.app/demo/assets/imgs/page/homepage9/sp2.png]
[ecom-html.vercel.app/demo/assets/imgs/page/homepage9/sp3.png]
[ecom-html.vercel.app/demo/assets/imgs/page/homepage9/sp4.png]
[ecom-html.vercel.app/demo/assets/imgs/page/homepage9/sp5.png]
[ecom-html.vercel.app/demo/assets/imgs/page/homepage9/sp6.png]
[ecom-html.vercel.app/demo/assets/imgs/page/homepage9/sp7.png]
[ecom-html.vercel.app/demo/assets/imgs/page/homepage9/sp8.png]
[ecom-html.vercel.app/demo/assets/imgs/page/homepage9/sp9.png]
[ecom-html.vercel.app/demo/assets/imgs/page/homepage9/sp10.png]
[ecom-html.vercel.app/demo/assets/imgs/page/homepage9/sp11.png]
[ecom-html.vercel.app/demo/assets/imgs/page/homepage9/sp12.png]
[ecom-html.vercel.app/demo/assets/imgs/page/homepage9/sp13.png]
[ecom-html.vercel.app/demo/assets/imgs/page/homepage9/sp14.png]
[ecom-html.vercel.app/demo/assets/imgs/page/homepage9/sp15.png]
[ecom-html.vercel.app/demo/assets/imgs/page/homepage9/sp16.png]
[ecom-html.vercel.app/demo/assets/imgs/page/homepage9/sp17.png]
[ecom-html.vercel.app/demo/assets/imgs/page/homepage9/sp18.png]
[ecom-html.vercel.app/demo/assets/imgs/page/homepage9/sp19.png]
[ecom-html.vercel.app/demo/assets/imgs/page/homepage9/sp20.png]
[ecom-html.vercel.app/demo/assets/imgs/page/homepage9/sp21.png]
[ecom-html.vercel.app/demo/assets/imgs/page/homepage9/sp22.png]
[ecom-html.vercel.app/demo/assets/imgs/page/homepage9/sp23.png]
[ecom-html.vercel.app/demo/assets/imgs/page/homepage9/sp24.png]
[ecom-html.vercel.app/demo/assets/imgs/page/homepage9/sp25.png]
[ecom-html.vercel.app/demo/assets/imgs/page/homepage9/sp26.png]
[ecom-html.vercel.app/demo/assets/imgs/page/homepage9/sp27.png]
[ecom-html.vercel.app/demo/assets/imgs/page/homepage9/sp28.png]
[ecom-html.vercel.app/demo/assets/imgs/page/homepage9/sp29.png]
[ecom-html.vercel.app/demo/assets/imgs/page/homepage9/sp30.png]
[ecom-html.vercel.app/demo/index-9.html]
[ecom-html.vercel.app/demo/assets/imgs/page/homepage10/cat1.png]
[ecom-html.vercel.app/demo/assets/imgs/page/homepage10/cat2.png]
[ecom-html.vercel.app/demo/assets/imgs/page/homepage10/cat3.png]
[ecom-html.vercel.app/demo/assets/imgs/page/homepage10/cat4.png]
[ecom-html.vercel.app/demo/assets/imgs/page/homepage10/cat5.png]
[ecom-html.vercel.app/demo/assets/imgs/page/homepage10/cat6.png]
[ecom-html.vercel.app/demo/assets/imgs/page/homepage10/cat7.png]
[ecom-html.vercel.app/demo/assets/imgs/page/homepage10/cat8.png]
[ecom-html.vercel.app/demo/assets/imgs/page/homepage10/cat9.png]
[ecom-html.vercel.app/demo/assets/imgs/page/homepage10/banner.png]
[ecom-html.vercel.app/demo/assets/imgs/page/homepage10/banner2.png]
[ecom-html.vercel.app/demo/assets/imgs/page/homepage10/sp1.png]
[ecom-html.vercel.app/demo/assets/imgs/page/homepage10/sp2.png]
[ecom-html.vercel.app/demo/assets/imgs/page/homepage10/sp3.png]
[ecom-html.vercel.app/demo/assets/imgs/page/homepage10/sp4.png]
[ecom-html.vercel.app/demo/assets/imgs/page/homepage10/sp5.png]
[ecom-html.vercel.app/demo/assets/imgs/page/homepage10/sp6.png]
[ecom-html.vercel.app/demo/assets/imgs/page/homepage10/sp7.png]
[ecom-html.vercel.app/demo/assets/imgs/page/homepage10/sp8.png]
[ecom-html.vercel.app/demo/assets/imgs/page/homepage10/sp9.png]
[ecom-html.vercel.app/demo/assets/imgs/page/homepage10/sp10.png]
[ecom-html.vercel.app/demo/assets/imgs/page/homepage10/banner3.png]
[ecom-html.vercel.app/demo/assets/imgs/page/homepage10/banner4.png]
[ecom-html.vercel.app/demo/assets/imgs/page/homepage10/banner5.png]
[ecom-html.vercel.app/demo/assets/imgs/page/homepage10/pots1.png]
[ecom-html.vercel.app/demo/assets/imgs/page/homepage10/pots2.png]
[ecom-html.vercel.app/demo/assets/imgs/page/homepage10/pots3.png]
[ecom-html.vercel.app/demo/assets/imgs/page/homepage10/pots4.png]
[ecom-html.vercel.app/demo/assets/imgs/page/homepage10/pots5.png]
[ecom-html.vercel.app/demo/assets/imgs/page/homepage10/tool1.png]
[ecom-html.vercel.app/demo/assets/imgs/page/homepage10/tool2.png]
[ecom-html.vercel.app/demo/assets/imgs/page/homepage10/tool3.png]
[ecom-html.vercel.app/demo/assets/imgs/page/homepage10/tool4.png]
[ecom-html.vercel.app/demo/assets/imgs/page/homepage10/tool5.png]
[ecom-html.vercel.app/demo/assets/imgs/page/homepage10/tool6.png]
[ecom-html.vercel.app/demo/assets/imgs/page/homepage10/tool7.png]
[ecom-html.vercel.app/demo/assets/imgs/page/homepage10/tool8.png]
[ecom-html.vercel.app/demo/assets/imgs/page/homepage10/tool9.png]
[ecom-html.vercel.app/demo/assets/imgs/page/homepage10/ads.png]
[ecom-html.vercel.app/demo/assets/imgs/page/homepage10/news1.png]
[ecom-html.vercel.app/demo/assets/imgs/page/homepage10/news2.png]
[ecom-html.vercel.app/demo/assets/imgs/page/homepage10/news3.png]
[ecom-html.vercel.app/demo/assets/imgs/page/homepage10/news4.png]
[ecom-html.vercel.app/demo/index-10.html]
[ecom-html.vercel.app/demo/assets/imgs/page/shop/banner.png]
[ecom-html.vercel.app/demo/shop-grid.html]
[ecom-html.vercel.app/demo/assets/imgs/page/shop/grid-2/banner.png]
[ecom-html.vercel.app/demo/shop-grid-2.html]
[ecom-html.vercel.app/demo/shop-list.html]
[ecom-html.vercel.app/demo/shop-list-2.html]
[ecom-html.vercel.app/demo/shop-fullwidth.html]
[ecom-html.vercel.app/demo/assets/imgs/page/product/sp1.png]
[ecom-html.vercel.app/demo/assets/imgs/page/product/sp2.png]
[ecom-html.vercel.app/demo/assets/imgs/page/product/sp3.png]
[ecom-html.vercel.app/demo/assets/imgs/page/product/product-banner.jpg]
[ecom-html.vercel.app/demo/assets/imgs/page/product/product-banner-2.jpg]
[ecom-html.vercel.app/demo/assets/imgs/page/product/author-2.png]
[ecom-html.vercel.app/demo/assets/imgs/page/product/author-3.png]
[ecom-html.vercel.app/demo/assets/imgs/page/product/author-4.png]
[ecom-html.vercel.app/demo/assets/imgs/page/product/futur.png]
[ecom-html.vercel.app/demo/assets/imgs/page/product/icon-location.svg]
[ecom-html.vercel.app/demo/assets/imgs/page/product/icon-contact.svg]
[ecom-html.vercel.app/demo/assets/imgs/page/product/banner-ads.png]
[ecom-html.vercel.app/demo/shop-single-product.html]
[ecom-html.vercel.app/demo/assets/imgs/page/product/img-thumb.png]
[ecom-html.vercel.app/demo/assets/imgs/page/product/sp4.png]
[ecom-html.vercel.app/demo/shop-single-product-2.html]
[ecom-html.vercel.app/demo/assets/imgs/page/product/delivery.svg]
[ecom-html.vercel.app/demo/assets/imgs/page/product/support.svg]
[ecom-html.vercel.app/demo/assets/imgs/page/product/return.svg]
[ecom-html.vercel.app/demo/shop-single-product-3.html]
[ecom-html.vercel.app/demo/assets/imgs/page/product/payment.svg]
[ecom-html.vercel.app/demo/assets/imgs/page/product/img-bought.png]
[ecom-html.vercel.app/demo/assets/imgs/page/product/img-bought2.png]
[ecom-html.vercel.app/demo/shop-single-product-4.html]
[ecom-html.vercel.app/demo/assets/imgs/page/product/img-sub.png]
[ecom-html.vercel.app/demo/assets/imgs/page/product/img-sub2.png]
[ecom-html.vercel.app/demo/assets/imgs/page/product/img-sub3.png]
[ecom-html.vercel.app/demo/shop-cart.html]
[ecom-html.vercel.app/demo/assets/imgs/page/checkout/gpay.svg]
[ecom-html.vercel.app/demo/assets/imgs/page/checkout/paypal.svg]
[ecom-html.vercel.app/demo/shop-checkout.html]
[ecom-html.vercel.app/demo/assets/imgs/page/checkout/amazon.svg]
[ecom-html.vercel.app/demo/assets/imgs/page/compare/img1.png]
[ecom-html.vercel.app/demo/assets/imgs/page/compare/img2.png]
[ecom-html.vercel.app/demo/assets/imgs/page/compare/img3.png]
[ecom-html.vercel.app/demo/shop-compare.html]
[ecom-html.vercel.app/demo/assets/imgs/page/product/img-sub4.png]
[ecom-html.vercel.app/demo/assets/imgs/page/product/img-sub5.png]
[ecom-html.vercel.app/demo/shop-wishlist.html]
[ecom-html.vercel.app/demo/assets/imgs/page/vendor/futur.png]
[ecom-html.vercel.app/demo/assets/imgs/page/vendor/elmado.png]
[ecom-html.vercel.app/demo/assets/imgs/page/vendor/costctrl.png]
[ecom-html.vercel.app/demo/assets/imgs/page/vendor/fasfox.png]
[ecom-html.vercel.app/demo/assets/imgs/page/vendor/tropper.png]
[ecom-html.vercel.app/demo/assets/imgs/page/vendor/asembly.png]
[ecom-html.vercel.app/demo/assets/imgs/page/vendor/aslan.png]
[ecom-html.vercel.app/demo/assets/imgs/page/vendor/market.png]
[ecom-html.vercel.app/demo/shop-vendor-list.html]
[ecom-html.vercel.app/demo/assets/imgs/page/vendor/featured.png]
[ecom-html.vercel.app/demo/shop-vendor-single.html]
[ecom-html.vercel.app/demo/page-contact.html]
[ecom-html.vercel.app/demo/assets/imgs/page/about/team.jpg]
[ecom-html.vercel.app/demo/page-term.html]
[ecom-html.vercel.app/demo/page-login.html]
[ecom-html.vercel.app/demo/assets/imgs/page/account/404.png]
[ecom-html.vercel.app/demo/page-404.html]
[ecom-html.vercel.app/demo/assets/imgs/page/blog/blog-6.jpg]
[ecom-html.vercel.app/demo/assets/imgs/page/blog/blog-7.jpg]
[ecom-html.vercel.app/demo/assets/imgs/page/blog/blog-8.jpg]
[ecom-html.vercel.app/demo/assets/imgs/page/blog/blog-9.jpg]
[ecom-html.vercel.app/demo/assets/imgs/page/blog/blog-10.jpg]
[ecom-html.vercel.app/demo/assets/imgs/page/blog/blog-11.jpg]
[ecom-html.vercel.app/demo/assets/imgs/page/blog/blog-12.jpg]
[ecom-html.vercel.app/demo/assets/imgs/page/blog/blog-13.jpg]
[ecom-html.vercel.app/demo/assets/imgs/page/blog/blog-14.jpg]
[ecom-html.vercel.app/demo/assets/imgs/page/blog/blog-15.jpg]
[ecom-html.vercel.app/demo/assets/imgs/page/blog/blog-16.jpg]
[ecom-html.vercel.app/demo/assets/imgs/page/blog/blog-17.jpg]
[ecom-html.vercel.app/demo/assets/imgs/page/product/banner-ads2.png]
[ecom-html.vercel.app/demo/blog.html]
[ecom-html.vercel.app/demo/assets/imgs/page/homepage1/img-1.png]
[ecom-html.vercel.app/demo/blog-2.html]
[ecom-html.vercel.app/demo/blog-list.html]
[ecom-html.vercel.app/demo/assets/imgs/page/blog/img-big.png]
[ecom-html.vercel.app/demo/assets/imgs/page/blog/img-big2.png]
[ecom-html.vercel.app/demo/assets/imgs/page/blog/img-big3.png]
[ecom-html.vercel.app/demo/assets/imgs/page/blog/img-big4.png]
[ecom-html.vercel.app/demo/assets/imgs/page/blog/img-big5.png]
[ecom-html.vercel.app/demo/blog-big.html]
[ecom-html.vercel.app/demo/assets/imgs/page/blog/author.png]
[ecom-html.vercel.app/demo/assets/imgs/page/blog/img-single.png]
[ecom-html.vercel.app/demo/blog-single.html]
[ecom-html.vercel.app/demo/blog-single-2.html]
[ecom-html.vercel.app/demo/blog-single-3.html]
[ecom-html.vercel.app/demo/assets/imgs/page/account/img-1.png]
[ecom-html.vercel.app/demo/assets/imgs/page/account/img-2.png]
[ecom-html.vercel.app/demo/assets/imgs/page/account/img-3.png]
[ecom-html.vercel.app/demo/assets/imgs/page/account/img-4.png]
[ecom-html.vercel.app/demo/assets/imgs/page/product/ss.223.delayed]
[ecom-html.vercel.app/demo/assets/imgs/page/product/ss2.224.delayed]
[ecom-html.vercel.app/demo/page-account.html]
[ecom-html.vercel.app/demo/assets/imgs/template/monitor.svg]
[ecom-html.vercel.app/demo/assets/imgs/template/mobile.svg]
[ecom-html.vercel.app/demo/assets/imgs/template/game.svg]
[ecom-html.vercel.app/demo/assets/imgs/template/clock.svg]
[ecom-html.vercel.app/demo/assets/imgs/template/airpod.svg]
[ecom-html.vercel.app/demo/assets/imgs/template/airpods.svg]
[ecom-html.vercel.app/demo/assets/imgs/template/mouse.svg]
[ecom-html.vercel.app/demo/assets/imgs/template/music-play.svg]
[ecom-html.vercel.app/demo/assets/imgs/template/bluetooth.svg]
[ecom-html.vercel.app/demo/assets/imgs/template/clound.svg]
[ecom-html.vercel.app/demo/assets/imgs/template/electricity.svg]
[ecom-html.vercel.app/demo/assets/imgs/template/cpu.svg]
[ecom-html.vercel.app/demo/assets/imgs/template/devices.svg]
[ecom-html.vercel.app/demo/assets/imgs/template/driver.svg]
[ecom-html.vercel.app/demo/assets/imgs/template/lamp.svg]
[ecom-html.vercel.app/demo/assets/imgs/slider/logo/acer.svg]
[ecom-html.vercel.app/demo/assets/imgs/slider/logo/nokia.svg]
[ecom-html.vercel.app/demo/assets/imgs/slider/logo/assus.svg]
[ecom-html.vercel.app/demo/assets/imgs/slider/logo/casio.svg]
[ecom-html.vercel.app/demo/assets/imgs/slider/logo/dell.svg]
[ecom-html.vercel.app/demo/assets/imgs/slider/logo/panasonic.svg]
[ecom-html.vercel.app/demo/assets/imgs/slider/logo/vaio.svg]
[ecom-html.vercel.app/demo/assets/imgs/template/icons/star.svg]
[ecom-html.vercel.app/demo/assets/imgs/template/delivery.svg]
[ecom-html.vercel.app/demo/assets/imgs/template/support.svg]
[ecom-html.vercel.app/demo/assets/imgs/template/voucher.svg]
[ecom-html.vercel.app/demo/assets/imgs/template/return.svg]
[ecom-html.vercel.app/demo/assets/imgs/template/secure.svg]
[ecom-html.vercel.app/demo/assets/imgs/template/logo-2.svg]
[ecom-html.vercel.app/demo/assets/imgs/page/about/microsoft.svg]
[ecom-html.vercel.app/demo/assets/imgs/page/about/sony.svg]
[ecom-html.vercel.app/demo/assets/imgs/page/about/acer.svg]
[ecom-html.vercel.app/demo/assets/imgs/page/about/nokia.svg]
[ecom-html.vercel.app/demo/assets/imgs/page/about/asus.svg]
[ecom-html.vercel.app/demo/assets/imgs/page/about/casio.svg]
[ecom-html.vercel.app/demo/assets/imgs/page/about/dell.svg]
[ecom-html.vercel.app/demo/assets/imgs/page/about/panasonic.svg]
[ecom-html.vercel.app/demo/assets/imgs/page/about/vaio.svg]
[ecom-html.vercel.app/demo/assets/imgs/page/about/sharp.svg]
[ecom-html.vercel.app/demo/assets/imgs/page/contact/chat.svg]
[ecom-html.vercel.app/demo/assets/imgs/page/contact/call.svg]
[ecom-html.vercel.app/demo/assets/imgs/page/contact/map.svg]
[ecom-html.vercel.app/demo/assets/imgs/page/account/google.svg]
[ecom-html.vercel.app/demo/assets/imgs/page/account/amazon.svg]
[ecom-html.vercel.app/demo/assets/imgs/slider/logo/microsoft.svg]
[ecom-html.vercel.app/demo/assets/imgs/slider/logo/sony.svg]
[ecom-html.vercel.app/demo/assets/imgs/slider/logo/sharp.svg]
[ecom-html.vercel.app/demo/assets/imgs/page/homepage2/microsoft.svg]
[ecom-html.vercel.app/demo/assets/imgs/page/homepage2/nokia.svg]
[ecom-html.vercel.app/demo/assets/imgs/page/homepage2/panasonic.svg]
[ecom-html.vercel.app/demo/assets/imgs/page/homepage2/sharp.svg]
[ecom-html.vercel.app/demo/assets/imgs/page/homepage2/philip.svg]
[ecom-html.vercel.app/demo/assets/imgs/page/homepage2/casio.svg]
[ecom-html.vercel.app/demo/assets/imgs/page/homepage2/acer.svg]
[ecom-html.vercel.app/demo/assets/imgs/page/homepage2/toshiba.svg]
[ecom-html.vercel.app/demo/assets/imgs/page/homepage1/imgsp8.html]
[ecom-html.vercel.app/demo/assets/imgs/page/homepage6/armchair.svg]
[ecom-html.vercel.app/demo/assets/imgs/page/homepage6/bathhub.svg]
[ecom-html.vercel.app/demo/assets/imgs/page/homepage6/bed.svg]
[ecom-html.vercel.app/demo/assets/imgs/page/homepage6/office.svg]
[ecom-html.vercel.app/demo/assets/imgs/page/homepage6/chair.svg]
[ecom-html.vercel.app/demo/assets/imgs/page/homepage6/chest.svg]
[ecom-html.vercel.app/demo/assets/imgs/page/homepage6/dressing.svg]
[ecom-html.vercel.app/demo/assets/imgs/page/homepage6/lamp.svg]
[ecom-html.vercel.app/demo/assets/imgs/page/homepage6/sofa.svg]
[ecom-html.vercel.app/demo/assets/imgs/page/homepage6/storage.svg]
[ecom-html.vercel.app/demo/assets/imgs/page/homepage6/electric.svg]
[ecom-html.vercel.app/demo/assets/imgs/page/homepage6/wardrobe.svg]
[ecom-html.vercel.app/demo/assets/imgs/template/icons/star-gray.svg]
[ecom-html.vercel.app/demo/assets/imgs/page/product/icon-location.svg]
[ecom-html.vercel.app/demo/assets/imgs/page/product/icon-contact.svg]
[ecom-html.vercel.app/demo/assets/imgs/page/product/delivery.svg]
[ecom-html.vercel.app/demo/assets/imgs/page/product/support.svg]
[ecom-html.vercel.app/demo/assets/imgs/page/product/return.svg]
[ecom-html.vercel.app/demo/assets/imgs/page/product/payment.svg]
[ecom-html.vercel.app/demo/assets/imgs/page/checkout/gpay.svg]
[ecom-html.vercel.app/demo/assets/imgs/page/checkout/paypal.svg]
[ecom-html.vercel.app/demo/assets/imgs/page/checkout/amazon.svg]
[ecom-html.vercel.app/demo/assets/imgs/page/product/ss.html]
[ecom-html.vercel.app/demo/assets/imgs/page/product/ss2.html]
